// Jest Snapshot v1, https://goo.gl/fbAQLP

exports[`matches screenshot 1`] = `
<DocumentFragment>
  <form
    action="#"
    class="NewTodoForm-Form"
  >
    <div>
      <label
        class="NewTodoForm-Label"
        for="todoText"
      >
        Task
      </label>
      <input
        class="NewTodoForm-Field"
        id="todoText"
        name="todoText"
        type="text"
        value=""
      />
    </div>
    <div
      class="NewTodoForm-Submit"
    >
      <button
        type="submit"
      >
        Add Task
      </button>
    </div>
  </form>
</DocumentFragment>
`;
